# BLASTP 2.9.0+
# Query: gnl|gene18213|XL-9_2-gene18213|rna53210|
# Database: User specified sequence set (Input: fastas/human-fasta-NO-ISO.fasta)
# Fields: query acc., subject acc., % identity, alignment length, mismatches, gap opens, q. start, q. end, s. start, s. end, evalue, BTOP
# 2 hits found
gnl|gene18213|XL-9_2-gene18213|rna53210|	GN:LSM14A|alphaSNBP(A)|human|Q8ND56	77.805	410	80	6	1	406	1	403	0.0	60IV36L-GLSG2AT5VMSG9AT4NSTPGSPS3PQ16AT2TSSN1TGST2PQ5TSSA3EDAT1TS4SL3QR2SPPQ2SP5NTIM7AS1P-1AL1SATP1TA7LSST2VL2SAIS2TAAG1SNPQ1QH1KRGA1LV2MVQS2DEINDE2KR2K-N-D-P-SN3PVVALPSG1-PLSQA7NH8VI35IL1DE1-K-L-E1PQ9TG2VG9VAED2EDVP1A-1GPVN19DE2QP7IL1VA4LI3SP1
gnl|gene18213|XL-9_2-gene18213|rna53210|	GN:LSM14B|LSM14B|human|Q9BX40	48.301	412	134	10	2	401	4	348	1.95e-103	1GS4IL10EQ12ED22IA3DE2FY12LI7PA1CHST14SA3SP2SPVHSVSP1GS2GRRG1PAAP1SGQPFLNATAGSPS1VLGSPQ1FYGA1VSGLVGAL1SASGLFT-S-F-G-A-E-T-T-S-S-T-S-L-P-2SIAP2T-S-F-T-Q-E-A-R-T-L-K-T-Q-S-S-Q-G-Q-S-S-S-P-L-D-S-L-R-3NMIV6AGAS1PDHNALPNSA-K-K-L-L-P-G-K-G-T-T-G1AQTLVN2RQSAPQVPLS1RKPTVAPSSDSVIV1KPTA1EVS-P-E-1RAKQ1EQLVH-K-M-Q-R-P-D-I-D-Q-L-K-2KE1DRPRSPKQ1QRPRVSLGSNARLRQTPRRN1GS2GQ2GPGTRNG-R-F-G-V-RVRKDEGNPTMI3KG12KR2IL1RK2HKNK2KNIF4PA2P-V-N-2DE1T-1SLVA1DV2NSSA1GANPVA2EDE-V-1AL1GPVN5TS8CSDE-LDKNTRSDS2QT6RKIL1VT4LV
# BLAST processed 1 queries
