# BLASTP 2.9.0+
# Query: gnl|gene22625|XL-9_2-gene22625|rna62113|
# Database: User specified sequence set (Input: fastas/human-fasta-NO-ISO.fasta)
# Fields: query acc., subject acc., % identity, alignment length, mismatches, gap opens, q. start, q. end, s. start, s. end, evalue, BTOP
# 2 hits found
gnl|gene22625|XL-9_2-gene22625|rna62113|	GN:RBM12B|RBM12B|human|Q8IXT5	38.122	543	269	14	28	512	1	534	1.08e-93	1SALV2KR1HL2SPTFEI1SGSPLV6ST2NT2KD1YGIVYH1TI2QEYI8NTYD4QR2NSYR2RGPFLI1ND1CS1QE1SFFL2EK4QKATLID-1IMSK1-T-D1YVNGARAGNR1AG1TGNT-S-G-V-D-S-L-S-N-F-I-E-S-V-K-E-E-A-S-N-S-G-Y1TSPS1YNKQEDTA1YFFHKT-N-G-T-G-H-G-N-L-R-P-R-K-T-R-P-L1RADETNSP1ILYFVLHR1ML1LYNLTVTNKEVDEDIVKRPV2AS2SC1EDDG5YHPHSD1LRRN2ND3RK2TSSCGV2HSEGAG2RCSHGRHSLF3TRPFVISELV1LQSGDS1TQEQ1TIKEAF2TNRAAV-K-E-G-D-V-L-R1KSRE1SH2VPTRSGSIDN2KH-FKRSKVR3RKHSEPQRS-1AT1AS3YLEGEFR-FY3IK2PSYLDSVINDKE2ILKRANHF1GRNGLTADMLKT1SE2TR2RYDKW-SDGEKN3EYGA2KMLFTKST1SKQD1RNDT1CLASQL1GKRT1FLCQSY1LP1DHVILD3ERRKDQ2DKLF3SY3P-G-1DSRG1SLREKR1SR1-G-H-V-SKQ1CY3SGHN1SGRQGKKL3LI3APSF2ST1TVDEIV1SK2SAGD1SL1KA1ED2FY5NK1IV7LK1SKTS1KEEQ1EMSKTAKEKR1HNCRKRKR1QL3IV1ILSRCL1NS1QA1MIKQAE3DNAF1AVRMKS2A-1IM1EA1ASP-D-EQVS1AEPRAGSDEH2-L-F-D-S-K-DQPSPVITYES2GALFFE1LFQRCHEQHLLE2
gnl|gene22625|XL-9_2-gene22625|rna62113|	GN:RBM12|RBM12|human|Q9NTZ6	30.462	325	222	3	141	462	302	625	1.02e-43	1TDSL1IVYS5LFNSTATMKEVNEDIVKRPD2AH2SR1EDDA1IHFL2YDPHSV1LRRN3AGIL1RK1ALTSSPGQ1ATHF5SNGRHM2GISQTRPY1SELVMSLPSADT1TREQ1TVKA3THRIATRF1RQENSMSG1VSTGSQSTDHDPRPKPKQSTVLSPHR1RKHSEP-S-G1SK1AS1AS3YH1EARG1-C1HY1IKNG2YFDEVANEKNRKDHIVKIADHF1GKNK1ADMIKVDESDQS1TYFILARYDGWPSN2RA1RG4KELFTRSNLESAQD1RKDA1CLACQR1GKRQVYFMCGSN1LFVIDQ1LH2STEKRKDG2DELK1ADRMSIER1KRPLGQRNDFRSSYSDRQKRDESMPIKLKNCPSEQGEDSVHN1SARKG-KV1IAYHLIRT1FIAPSFDSVIST1TM1IVQLSQ1FLSE1FISPLVKD1ENDAIVFHLV1YV1DN2IQ3EQ3LQ1SKTN1KDED1ERSKTSKEKR2CR2FLQN1TR1IALFIVSHCVIVNTELQEQD1KR
# BLAST processed 1 queries
