# BLASTP 2.9.0+
# Query: gnl|gene3574|XL-9_2-gene3574|rna10397|
# Database: User specified sequence set (Input: fastas/human-fasta-NO-ISO.fasta)
# Fields: query acc., subject acc., % identity, alignment length, mismatches, gap opens, q. start, q. end, s. start, s. end, evalue, BTOP
# 1 hits found
gnl|gene3574|XL-9_2-gene3574|rna10397|	GN:IWS1|IWS1|human|Q96ST2	59.310	870	267	19	1	834	1	819	0.0	1EDASDENY2PGEDHQ15AG2-G-E1EDGV3RH1-G-SEDPT2PV1HRQH2DN1HT2VR2HG-L-P-K-GKH1SVST2GESN1-E-P-L1ELKNGATSEDHSDE2DEEL2PQRKND1S-1LS1NSHEDE-R-A-E-P-P7EDSVH-1RQIHAG4-SDEDEGT1RKQLKPNG3DERNSEPEVL-LKN1AH4DEEN1PD1-GRK1CP5DIDEVEPLRQ1QSQP1NS3DT1RDHAIL1KPTQAI4DS1AE1APKR1RQVA2TS1DNKEAE3QPVRAM4DS1AESL2QPVQAV3KEDS1AE2KR1AQ5DN1AEPL2LPARGI4DS1AD1APKRRHKQVA1SD2DN1TEPLSP1HPARVI1A-S-K-V-K-K-S-V-G-S-E-G-K-T-R-G-K-R-A-I-I-2DEDSDE1D-V-1VPKRRNAQ5EN1TEHL2GPKRAV4DS1AG1SQ1QG1S-D-S-E-E-E-T-P-A-K-V-A-1NS3DT1-DFAPS1MH1RQ1IPVE1SD4DR1DND-R-K-P-L-Q-1KGKEKDSTPERMRQSNSDESSFDH1SDDSKHVM1GR2LFQHAS1ED1DE2GEEH1AKSQ1-M-D-S-D-E-D-E-K-E-G-E-E-E-K-V-A1KR1SANAIVVL6DEA-A-D-1SAGSNA4IVLV2GAED6AV1ED1P-KSQG1KRKE1STAISA6DAEGRKKESLKSTDEKTKKNSEAEDKKD4ED1DE1EG31GE2TGVE1SQ1NKREQ-Q-A-A-1AE6DNMI1SR2MHGM1YFKL3DELM2EQ8QR17NS3MV2TN7NQ2SNSQ12TA27TS39IV11PS3IM31IL9SN1ST9DE13ED10LM17TS1QRYF1GASTAS3VI2ILND6VT2KR2NS1FSGA14
# BLAST processed 1 queries
