# BLASTP 2.9.0+
# Query: gnl|gene13096|XL-9_2-gene13096|rna38074|
# Database: User specified sequence set (Input: fastas/human-fasta-NO-ISO.fasta)
# Fields: query acc., subject acc., % identity, alignment length, mismatches, gap opens, q. start, q. end, s. start, s. end, evalue, BTOP
# 1 hits found
gnl|gene13096|XL-9_2-gene13096|rna38074|	GN:ZC3H13|ZC3H13|human|Q5T200	63.007	419	121	8	1	395	1	409	1.16e-119	33AT1NSST8ML5IL7IV12TN8PT12ED2ST1SP3TN4TS2SV25DE2TNAV4TN8VI4DV6KM23VI4IV4IV-RPS1ML4RSKLSRSKRS1PKKSRP1SRSKPSKS1TKNSVS1SAKS1EKKDKRSKVTTS1-V1PS1ALSL3T-1HN2STAN15TIQP1EDAILAFLSG2HY3HY1SV4DE1RKITKR1VG1ED4VF1KRPQKRDE1KRED1QP1DSAT1GPGASGHQRH-H-S-P-I-S-S-R-H-H-S-S-S-S-Q-S-G-S-S-I1KRRH4ARDRRKSRCTSPNSSP1HYSQ1DTYLST2ALP-R-R-1HRPSSA2VY1TSK-S-S-A-H-K-1ASIL1PSSPHQ1SKVQ2GP2HR3-R-ESKSG2-D1SEPRST3
# BLAST processed 1 queries
