# BLASTP 2.9.0+
# Query: gnl|gene19578|XL-9_2-gene19578|rna57206|
# Database: User specified sequence set (Input: fastas/human-fasta-NO-ISO.fasta)
# Fields: query acc., subject acc., % identity, alignment length, mismatches, gap opens, q. start, q. end, s. start, s. end, evalue, BTOP
# 3 hits found
gnl|gene19578|XL-9_2-gene19578|rna57206|	GN:EIF4G1|eIF4G|human|Q04637	61.288	1661	489	39	21	1609	20	1598	0.0	1TPSA2SPAGPQ6GSPT2PAPT4QP5A-G-F-R-S-I-Q-1YF4TA3TS2-ATS4GASASP2APVGTPPA4QPPA14-A3-A3QP5-T5NQ5TP5FY1SG3ST1YFSG10-G-V1TQ2PT2PAGPATQP1ML4QPVQ1PA19VI1DE2LM2GA2SA7S-1VG1SGAL1VP5STV-HPHQ1TA1VI5GR1KQAGTAEIVILAIDKRA-S-E-S-P-S-1PG2HGS-E-A-E-1SEIHPSNPVSCEDSIQ1KSDSNPTSIPSTEPLSTP1DPIVIL2L-3EPANTLLADVTL1PI1QGVDDTLMNTLTQ-P-VIAQAMMSIV1DEAS2VIES-R-E-T-G-E-P-YERAL2QEEP1DPFL2A-2MLQESV1-V1PL1QK1LVAP1VSS-N-P-Q-Q-I-C-K-L-DETFQSVS4QAEPVT-P1LATSEH3LIKHLESPSNQGAMLV1TSP-P-I-S-E-P-1PD5PETS1E-P-L-H-EP1ILSAIPEP1TAVCSPIS1ES1Q-A-N-G-L-T-E-E-TV1VIL-L-V-Q-P-Q-P-M-S-V-C-Q-T-E-P-S-L-E-SA1IT5L-2TNNGGADPGS2CA-V-D-L-S-PLVQS1NPDETEPQDASKQE1ET1HSVMSA1IP1EI1ESDAQT1VA1IA-P-SSADT2LAVQ2VE-M-E-E-E-E-E-E-E-E-G-E-A-G-E-A-G-E-A-E-S-E-K-G-G1KETL2TPDETSETVPVIAPSATNQLVSVQKNQLSESAEASAPAST4ASAV2KRKR2MI1DE17ENAPGAAVGPDESVQECNDQVPDPSASGTSKN1T-S-G-AG2PSDEQG1PGCVAP1-R3QA4EDES4LI-HDN4KQ2DEVQ2KE2DSED6PL4SR12VF6AESG2QH1TS20TQ1MI15PTSTVLGSNT-R-G-P-P-R-G-G-P-G-G-E-L-P2P-3ML17QAAT1SLLMNT1NDVIQK10LSNS2STGAEA-D-K-D-R-G3PAEDNGIS3ED25DQ6DE17SN13GA3SP2DE2GT33LMEDAE2STPA2KRAG2TK3TE4SI49ST9RK12DE5RK13IL3LGCS6AG17KEQH2QHVI6SA1-GPS4EGPGQPGPRG1TPGI3NLQPPLAV2-G9SG8IL5LP1AS3-N3LF15TS1TA2ASEDTA1PS1SASA15SAAV-PAT2QT1AN2PVLVHQ1GS1SL4SGDE1-A-G5FL2GS2FGDGK-G-E-L-F-2SG2SL4PTLPIA4YF3TV1DE5EPASHQI-P-QP1AGVL2VA2ML2QD3SGKREDSATV3IAPAAL1T-A-TP1ASSPSL1PASAML2DE15IL6LV3VQ2NA1QPTS7NH1IV7TA7LQ2YH2VLKC2TH1PSKTEA3KQ1VLLY1VI2VL10IV6ILIV2VI1LQ3IVLP7LI4VRVPIL3GAIS2AL8GS1SGHP2AV1AT2KR1SA8SPKEDG3NGKA1IVTA1KQEKLV3TL1NE1TS1TA1CGIQKRDA1SPPSAE2DNTRTQ1TE3NK1NG2DN1KRIV7FLNSDE2TISV3FL2TA2STTA2HY4SF1NT1CL4NAIVILHK10SC2AQ14KT1DE18IV2EDPA2KS24TK6DE3NH
gnl|gene19578|XL-9_2-gene19578|rna57206|	GN:EIF4G3|EIF4G3|human|O43432	56.491	1140	415	24	513	1609	483	1584	0.0	1VIVLAD1TQQNVLVNKSQRSR1EPSV1SA1VI1VIATAV2KTKWRK1MP2LRNTKRKTETAEVEGMDLLELADEALFEKLEK2AEGEALGSDISDQKCVDLVEDSSESQTD1PMTSSQ1-FAH2PR1QP1PDCLAKPKPVEKEAQVDE1TNWG2KA1DP-VKRLNDG2NSIVKSPE1DE-G-I-D-A-N-S-G-S-T-D-S-S-G-D-G1KTYFKPYF1DP1QS3LTNDPT1EG2SQ7GD3IMVP1SCMI3AESG2QP1TS6AI1-Q-P1TL1LM1PT3TRRI1TPGRM-N-C-6SA2NDLF2PQSTVP1NG2PV1AL-LGNMV1PS4QP1PQ1KR6Q-AT2LVNK1ND1QH1NK3KN4LSNQ2SDGSEQEAED12RK13QN6TSDG1ATIV3DE8IV5SD15MVGT3SPTMTA4VN20DA2ED12ASSA3KRAT2THED2TE2RK1SK5LI43ST9RK12DE2IV25PS10DE6EKMI1KE1RE2VR6ST1P-DE3EPP-Q-G-R-P-T-G-S-R-1NV1PRAV1DE-G5PQIGSA1SN2PVIL1TP1RKIFTL4L-GPAT2SENKQILQ1AV1GKGARQ1SGWSGWKGGKSG1GS1TGGAT-1PAAS2A-P-EDSASL1PSASTA1TS8QPSP1APESSGQS-T-P-S-T-P-V-E-F1AS2PT1-THS3SMSG2RKSN2DPRLGPDSRAFTEA1GPENRT1DMKR1-G-S-S-KED1FL1RNSQDSRQSEDERQAR1PELMILT-K-RESTYVSKKQEL1EGDGRVSDRV2ENA-H-I-P-Q-E-A-V-R-K-V-A-1MTTEEAQE1DNRKSTKR2TA1RP2P-A-P-TS1TMVS1SHSD1PASAML2DE3KR3AS2ED1YF5MF3LM3VE3SA1TG2FHIV3NV1IV7TQ1AT1ED3LQ6KQASGETK1PS1EQQDYFYF2VFLS1VT2VL1ED2EA12ILIV2VM1LK4LS1GR2FTRI1LFTS3VLVPIV1KR2IV2AS3GH4GQ5AV4KR1SAGD4ED2SPKEDGQE1IVNHKN1ILTL1KQEK1EDYFTIT-G-N-1TSEDTS2IS-S-E-A-L-S-K1DE2PAAE2DYTKTR1TE2LINI1ND-KSASN1QEKQ4IV3FLNDDEQI1TM2NP2VL1TA2STTA2HKSA3SAEDNSPSCT-F3VTNAIV1HKAQ1AVKPLI1QL3-D2ETAE11LSVI6PA8AC4DE2KS1EDPA13QN20DE2DEND
gnl|gene19578|XL-9_2-gene19578|rna57206|	GN:EIF4G2|EIF4G2|human|P78344	39.326	267	132	5	768	1017	77	330	1.64e-48	LI2RK2SG7QEMK1QDQK1MCKLQEVLTLDNLVAGIVDETSEKDLRI5DL2FVED2ILSE2SKFY1VSAL2NQML1RLCR1M-GALEKDVASPTNTF1KG1GAVA-E-G-Q-P-G-Q-K-QTSVTNT2KR2LINSRKCL1KD3KNDRKTDRDNDVED1FYED1KRQEKNEP1ELAPAEAESEPEEQE-K-A-R-L-T-E-E-L-T-E-A-1DASI1RKRIRKSM10FG2KDMLLITH1AS1ML1DK1VIVKKT2KENKHKDKER-V-Q-L-K-D-M-G1SD5RQLILMSR1IV1KPDR2FH4PSRL5NAQR1DCKSILIMKLESRKKETLSPSA4ML3VTIVDE2LECHNH4RK1-F-L1QN5DN2HRKQED1
# BLAST processed 1 queries
