# BLASTP 2.9.0+
# Query: gnl|gene1639|XL-9_2-gene1639|rna4786|
# Database: User specified sequence set (Input: fastas/human-fasta-NO-ISO.fasta)
# Fields: query acc., subject acc., % identity, alignment length, mismatches, gap opens, q. start, q. end, s. start, s. end, evalue, BTOP
# 3 hits found
gnl|gene1639|XL-9_2-gene1639|rna4786|	GN:SRSF2|SFRS2|human|Q01130	99.000	100	1	0	1	100	1	100	2.43e-69	27ED72
gnl|gene1639|XL-9_2-gene1639|rna4786|	GN:SRSF8|SRp46|human|Q9BRL6	81.915	94	17	0	1	94	1	94	1.76e-50	2YC7ED2TIST12EDTS18DERPYH2EASP10KR3EQ2MEDA5VE9MV5
gnl|gene1639|XL-9_2-gene1639|rna4786|	GN:SRSF12|SRRP35|human|Q8WXF0	39.056	233	108	7	3	208	4	229	3.06e-21	1GT3P-D-V-E-G-MN3KFVIDR1LVTAYDRA1SR2TD3VE1EGKR2RPVIGV5RL1RF2KRERSP4FY1RQ1HE1KV6MLDYANMLDNGRAKVWLVDC2EQLIREVI1MF1RQYGGD1PKPTDPSGHQHMGKRSRKGEPRPH1RCRSYPGS1YHGR1RSSR1RP1PQ2RT1RSSRRS1RSSWKG-R-N-R-R-R-S-D1RLSKRE2SH1S-1YF1RY1KQ1RK2TSRK1RLTP1SR1STKSSA1SQAS1-T-P-R-R-N-F-G-S-R-G2KR3TLAQSK2RK1RISGRK1RQ1R-NS2PQPK1KT1-S-G-T4RH-G-R-H-S-D-S-ISA3PC3EK
# BLAST processed 1 queries
