Xenopus_Reference,Human_Reference,Match_Code,Xen_Residue,Human_Residue,Xen_Motif,Human_Motif,Motif_Score
gnl|gene1639|XL-9_2-gene1639|rna4786|,GN:SRSF2|SFRS2|human|Q01130,0,26,26,NLTYRTSPETLRR,NLTYRTSPDTLRR,0.94
gnl|gene780|XL-9_2-gene780|rna2274|,GN:CIRBP|CIRBP|human|Q14011,0,125,132,SRFDNRSGGYGGS,NRFESRSGGYGGS,0.83
gnl|gene780|XL-9_2-gene780|rna2274|,GN:CIRBP|CIRBP|human|Q14011,0,158,163,GGSYRDSYDSYAT,GGSYRDSYDSYAT,1.0
gnl|gene780|XL-9_2-gene780|rna2274|,GN:CIRBP|CIRBP|human|Q14011,0,161,166,YRDSYDSYATHEx,YRDSYDSYATHNE,0.85
gnl|gene780|XL-9_2-gene780|rna2274|,GN:CIRBP|CIRBP|human|Q14011,0,20,21,FDTNEESLEQVFS,FDTNEQSLEQVFS,0.94
gnl|gene11316|XL-9_2-gene11316|rna32908|,GN:NUCKS1|NUCKS|human|Q9H1E3,0,192,144,VEDDDDSDYGRSK,MEDDDDSDYGSSK,0.86
gnl|gene11316|XL-9_2-gene11316|rna32908|,GN:NUCKS1|NUCKS|human|Q9H1E3,0,52,54,RRSGRNSQEDSEE,RRSGKNSQEDSED,0.87
gnl|gene19578|XL-9_2-gene19578|rna57206|,GN:EIF4G1|eIF4G|human|Q04637,0,1097,1092,APGGRLSWGKGSS,APGGRLSWGKGSS,1.0
gnl|gene19578|XL-9_2-gene19578|rna57206|,GN:EIF4G1|eIF4G|human|Q04637,0,672,647,LDKANKTPLRPLD,LDKANKTPLRPLD,1.0
gnl|gene19578|XL-9_2-gene19578|rna57206|,GN:EIF4G1|eIF4G|human|Q04637,0,717,704,GMGPRRSQQGPRK,GLGPRRSQQGPRK,0.95
gnl|gene49843|XL-9_2-gene49843|rna95997|,GN:MAP4|MAP4|human|P27816,0,1840,696,NKELPPSPEKKTK,NKELPPSPEKKTK,1.0
gnl|gene49843|XL-9_2-gene49843|rna95997|,GN:MAP4|MAP4|human|P27816,0,2100,941,IRSKIGSTDNIKH,VRSKVGSTENIKH,0.9
gnl|gene18213|XL-9_2-gene18213|rna53210|,GN:LSM14A|alphaSNBP(A)|human|Q8ND56,0,218,216,ATVGRRSPVLSRP,AAVGRRSPVSTRP,0.83
gnl|gene18213|XL-9_2-gene18213|rna53210|,GN:LSM14A|alphaSNBP(A)|human|Q8ND56,2,222,220,RRSPVLSRPVPSS,RRSPVSTRPLPSA,0.83
gnl|gene18830|XL-9_2-gene18830|rna54961|,GN:IGF2BP3|IGF2BP3|human|O00425,0,73,73,VIEVEHSVPKRQR,PIEVEHSVPKRQR,0.9
gnl|gene13096|XL-9_2-gene13096|rna38074|,GN:ZC3H13|ZC3H13|human|Q5T200,0,134,134,KITKERTPESDEE,KITKERTPESEEE,0.93
gnl|gene13096|XL-9_2-gene13096|rna38074|,GN:ZC3H13|ZC3H13|human|Q5T200,0,25,25,STSRRPSVFERLG,STSRRPSVFERLG,1.0
gnl|gene13096|XL-9_2-gene13096|rna38074|,GN:ZC3H13|ZC3H13|human|Q5T200,0,262,263,KKKGPRTPSPPPP,KKKGPRTPSPPPP,1.0
gnl|gene13096|XL-9_2-gene13096|rna38074|,GN:ZC3H13|ZC3H13|human|Q5T200,0,64,64,RFIHGPSPRGKGY,RFVHGPSPRGKGY,0.98
gnl|gene9100|XL-9_2-gene9100|rna26480|,GN:RSF1|HBXAP|human|Q96T23,0,1229,1221,VNYREESESEGSQ,INYKEDSESDGSQ,0.81
gnl|gene9100|XL-9_2-gene9100|rna26480|,GN:RSF1|HBXAP|human|Q96T23,0,1351,1345,KPYRIESDDDDDF,KPYRIESDEEEDF,0.85
gnl|gene9100|XL-9_2-gene9100|rna26480|,GN:RSF1|HBXAP|human|Q96T23,0,1365,1359,NVGKDGSPLDYSL,NVGKVGSPLDYSL,0.9
gnl|gene9100|XL-9_2-gene9100|rna26480|,GN:RSF1|HBXAP|human|Q96T23,0,1369,1363,DGSPLDYSLVDLP,VGSPLDYSLVDLP,0.87
gnl|gene9100|XL-9_2-gene9100|rna26480|,GN:RSF1|HBXAP|human|Q96T23,0,1381,1375,PSTNGQSPGKTIE,PSTNGQSPGKAIE,0.92
gnl|gene9100|XL-9_2-gene9100|rna26480|,GN:RSF1|HBXAP|human|Q96T23,0,304,314,AKEENDSFKENVK,IKEESDSFKENVK,0.84
gnl|gene12108|XL-9_2-gene12108|rna35174|,GN:NUCKS1|NUCKS|human|Q9H1E3,0,177,130,QFLEKDSGSDEDF,PFQEKDSGSDEDF,0.82
gnl|gene12108|XL-9_2-gene12108|rna35174|,GN:NUCKS1|NUCKS|human|Q9H1E3,0,191,144,VEDDDDSDYGRSK,MEDDDDSDYGSSK,0.86
gnl|gene12108|XL-9_2-gene12108|rna35174|,GN:NUCKS1|NUCKS|human|Q9H1E3,0,225,179,RLKATVTPSPVKA,RLKATVTPSPVKG,0.94
gnl|gene12108|XL-9_2-gene12108|rna35174|,GN:NUCKS1|NUCKS|human|Q9H1E3,0,227,181,KATVTPSPVKAKG,KATVTPSPVKGKG,0.92
gnl|gene12108|XL-9_2-gene12108|rna35174|,GN:NUCKS1|NUCKS|human|Q9H1E3,2,247,202,KAPKEKSPSPKAE,KASKEKTPSPKEE,0.82
gnl|gene12108|XL-9_2-gene12108|rna35174|,GN:NUCKS1|NUCKS|human|Q9H1E3,0,52,54,RRSGKNSQEDSDE,RRSGKNSQEDSED,0.86
gnl|gene3574|XL-9_2-gene3574|rna10397|,GN:IWS1|IWS1|human|Q96ST2,0,425,415,KKSRILSDGEDSD,KKSRVVSDADDSD,0.82
gnl|gene3574|XL-9_2-gene3574|rna10397|,GN:IWS1|IWS1|human|Q96ST2,0,735,720,QRRRMSSSGGQTP,QRRRMNSTGGQTP,0.88
