Xenopus_Reference,Human_Reference,Match_Code,Xen_Residue,Human_Residue,Xen_Motif,Human_Motif
gnl|gene1639|XL-9_2-gene1639|rna4786|,GN:SRSF2|SFRS2|human|Q01130,-2,118,-2,,
gnl|gene1639|XL-9_2-gene1639|rna4786|,GN:SRSF2|SFRS2|human|Q01130,-2,120,-2,,
gnl|gene1639|XL-9_2-gene1639|rna4786|,GN:SRSF2|SFRS2|human|Q01130,-2,144,-2,,
gnl|gene1639|XL-9_2-gene1639|rna4786|,GN:SRSF2|SFRS2|human|Q01130,-2,146,-2,,
gnl|gene1639|XL-9_2-gene1639|rna4786|,GN:SRSF2|SFRS2|human|Q01130,-2,185,-2,,
gnl|gene1639|XL-9_2-gene1639|rna4786|,GN:SRSF2|SFRS2|human|Q01130,-2,188,-2,,
gnl|gene1639|XL-9_2-gene1639|rna4786|,GN:SRSF2|SFRS2|human|Q01130,-2,200,-2,,
gnl|gene1639|XL-9_2-gene1639|rna4786|,GN:SRSF2|SFRS2|human|Q01130,-2,202,-2,,
gnl|gene1639|XL-9_2-gene1639|rna4786|,GN:SRSF2|SFRS2|human|Q01130,-2,206,-2,,
gnl|gene1639|XL-9_2-gene1639|rna4786|,GN:SRSF2|SFRS2|human|Q01130,-2,214,-2,,
gnl|gene1639|XL-9_2-gene1639|rna4786|,GN:SRSF2|SFRS2|human|Q01130,-2,215,-2,,
gnl|gene1639|XL-9_2-gene1639|rna4786|,GN:SRSF2|SFRS2|human|Q01130,0,26,26,NLTYRTSPETLRR,NLTYRTSPDTLRR
gnl|gene41520|XL-9_2-gene41520|rna83993|,GN:SRSF12|SRRP35|human|Q8WXF0,0,104,105,TKDHGCSPVDRRR,KERHPCSPSDHRR
gnl|gene41520|XL-9_2-gene41520|rna83993|,GN:SRSF12|SRRP35|human|Q8WXF0,0,177,195,SRSMEKSPSGSPP,SKSIGKSQSSSPQ
gnl|gene41520|XL-9_2-gene41520|rna83993|,GN:SRSF12|SRRP35|human|Q8WXF0,0,179,197,SMEKSPSGSPPKQ,SIGKSQSSSPQKQ
gnl|gene41520|XL-9_2-gene41520|rna83993|,GN:SRSF12|SRRP35|human|Q8WXF0,0,181,199,EKSPSGSPPKQSS,GKSQSSSPQKQTS
gnl|gene41520|XL-9_2-gene41520|rna83993|,GN:SRSF12|SRRP35|human|Q8WXF0,0,216,234,RQRHSNSLARKEA,PKGYTNSETKVQT
gnl|gene41520|XL-9_2-gene41520|rna83993|,GN:SRSF12|SRRP35|human|Q8WXF0,-2,245,-2,,
gnl|gene41520|XL-9_2-gene41520|rna83993|,GN:SRSF12|SRRP35|human|Q8WXF0,-2,247,-2,,
gnl|gene50141|XL-9_2-gene50141|rna96457|,GN:APOB|APOB|human|P04114,-2,1072,-2,,
gnl|gene50141|XL-9_2-gene50141|rna96457|,GN:APOB|APOB|human|P04114,-2,1115,-2,,
gnl|gene50141|XL-9_2-gene50141|rna96457|,GN:APOB|APOB|human|P04114,-2,1166,-2,,
gnl|gene50141|XL-9_2-gene50141|rna96457|,GN:APOB|APOB|human|P04114,-2,1168,-2,,
gnl|gene50141|XL-9_2-gene50141|rna96457|,GN:APOB|APOB|human|P04114,-2,1169,-2,,
gnl|gene50141|XL-9_2-gene50141|rna96457|,GN:APOB|APOB|human|P04114,-2,1185,-2,,
gnl|gene50141|XL-9_2-gene50141|rna96457|,GN:APOB|APOB|human|P04114,-2,1188,-2,,
gnl|gene50141|XL-9_2-gene50141|rna96457|,GN:APOB|APOB|human|P04114,-2,1198,-2,,
gnl|gene50141|XL-9_2-gene50141|rna96457|,GN:APOB|APOB|human|P04114,-2,1202,-2,,
gnl|gene50141|XL-9_2-gene50141|rna96457|,GN:APOB|APOB|human|P04114,-2,1210,-2,,
gnl|gene50141|XL-9_2-gene50141|rna96457|,GN:APOB|APOB|human|P04114,-2,1251,-2,,
gnl|gene50141|XL-9_2-gene50141|rna96457|,GN:APOB|APOB|human|P04114,-2,1733,-2,,
gnl|gene50141|XL-9_2-gene50141|rna96457|,GN:APOB|APOB|human|P04114,0,269,296,TLAETKSNRVSES,DTPKINSRFFGEG
gnl|gene50141|XL-9_2-gene50141|rna96457|,GN:APOB|APOB|human|P04114,2,508,517,GFSSGASRLPVRL,LKCVQSTKPSLMI
gnl|gene50141|XL-9_2-gene50141|rna96457|,GN:APOB|APOB|human|P04114,-2,953,-2,,
gnl|gene50141|XL-9_2-gene50141|rna96457|,GN:APOB|APOB|human|P04114,-2,954,-2,,
gnl|gene50141|XL-9_2-gene50141|rna96457|,GN:APOB|APOB|human|P04114,-2,957,-2,,
gnl|gene50141|XL-9_2-gene50141|rna96457|,GN:APOB|APOB|human|P04114,-2,959,-2,,
gnl|gene50141|XL-9_2-gene50141|rna96457|,GN:APOB|APOB|human|P04114,-2,964,-2,,
gnl|gene6776|XL-9_2-gene6776|rna19837|,GN:FETUB|FETUB|human|Q9UGM5,3,317,305,GKKHGDSEHAHGH,GPRGSVQYLPDLD
gnl|gene6776|XL-9_2-gene6776|rna19837|,GN:FETUB|FETUB|human|Q9UGM5,3,335,323,HKHGQKSSESHED,EKGPQEAFPVHLD
gnl|gene6776|XL-9_2-gene6776|rna19837|,GN:FETUB|FETUB|human|Q9UGM5,3,336,324,KHGQKSSESHEDH,KGPQEAFPVHLDL
gnl|gene6776|XL-9_2-gene6776|rna19837|,GN:FETUB|FETUB|human|Q9UGM5,3,338,326,GQKSSESHEDHSR,PQEAFPVHLDLTT
gnl|gene18738|XL-9_2-gene18738|rna54703|,GN:KRT12|K12|human|Q99456,0,399,453,TVSKASSVEAKTE,FVTDSKSQAQSTD
gnl|gene18738|XL-9_2-gene18738|rna54703|,GN:KRT12|K12|human|Q99456,0,408,461,AKTESSSSTTTRT,AQSTDSSKDPTKT
gnl|gene18738|XL-9_2-gene18738|rna54703|,GN:KRT12|K12|human|Q99456,3,409,462,KTESSSSTTTRTR,QSTDSSKDPTKTR
gnl|gene780|XL-9_2-gene780|rna2274|,GN:CIRBP|CIRBP|human|Q14011,0,125,132,SRFDNRSGGYGGS,NRFESRSGGYGGS
gnl|gene780|XL-9_2-gene780|rna2274|,GN:CIRBP|CIRBP|human|Q14011,-1,132,137,,
gnl|gene780|XL-9_2-gene780|rna2274|,GN:CIRBP|CIRBP|human|Q14011,0,134,138,YGGSSGSRDYYSS,SGGYGGSRDYYSS
gnl|gene780|XL-9_2-gene780|rna2274|,GN:CIRBP|CIRBP|human|Q14011,3,143,147,YYSSGRSQGSYGD,YYSSRSQSGGYSD
gnl|gene780|XL-9_2-gene780|rna2274|,GN:CIRBP|CIRBP|human|Q14011,3,146,150,SGRSQGSYGDRAG,SRSQSGGYSDRSS
gnl|gene780|XL-9_2-gene780|rna2274|,GN:CIRBP|CIRBP|human|Q14011,0,158,163,GGSYRDSYDSYAT,GGSYRDSYDSYAT
gnl|gene780|XL-9_2-gene780|rna2274|,GN:CIRBP|CIRBP|human|Q14011,0,161,166,YRDSYDSYATHEx,YRDSYDSYATHNE
gnl|gene780|XL-9_2-gene780|rna2274|,GN:CIRBP|CIRBP|human|Q14011,0,20,21,FDTNEESLEQVFS,FDTNEQSLEQVFS
gnl|gene11316|XL-9_2-gene11316|rna32908|,GN:NUCKS1|NUCKS|human|Q9H1E3,-1,122,78,,
gnl|gene11316|XL-9_2-gene11316|rna32908|,GN:NUCKS1|NUCKS|human|Q9H1E3,-1,123,78,,
gnl|gene11316|XL-9_2-gene11316|rna32908|,GN:NUCKS1|NUCKS|human|Q9H1E3,0,127,79,RSSQGDSDDEKQR,SHSAEDSEDEKED
gnl|gene11316|XL-9_2-gene11316|rna32908|,GN:NUCKS1|NUCKS|human|Q9H1E3,0,160,113,LIGDGGSEDEEQE,LMEDVGSEEEQEE
gnl|gene11316|XL-9_2-gene11316|rna32908|,GN:NUCKS1|NUCKS|human|Q9H1E3,0,178,130,QFLEKDSGSDDDF,PFQEKDSGSDEDF
gnl|gene11316|XL-9_2-gene11316|rna32908|,GN:NUCKS1|NUCKS|human|Q9H1E3,0,180,132,LEKDSGSDDDFMV,QEKDSGSDEDFLM
gnl|gene11316|XL-9_2-gene11316|rna32908|,GN:NUCKS1|NUCKS|human|Q9H1E3,0,19,19,YAQYQDSDDEDYG,YSQFQESDDADED
gnl|gene11316|XL-9_2-gene11316|rna32908|,GN:NUCKS1|NUCKS|human|Q9H1E3,0,192,144,VEDDDDSDYGRSK,MEDDDDSDYGSSK
gnl|gene11316|XL-9_2-gene11316|rna32908|,GN:NUCKS1|NUCKS|human|Q9H1E3,2,248,202,KAPKEKSPSSKAE,KASKEKTPSPKEE
gnl|gene11316|XL-9_2-gene11316|rna32908|,GN:NUCKS1|NUCKS|human|Q9H1E3,3,251,205,KEKSPSSKAEEED,KEKTPSPKEEDEE
gnl|gene11316|XL-9_2-gene11316|rna32908|,GN:NUCKS1|NUCKS|human|Q9H1E3,3,262,216,EDEDPVTPPPEKK,EEPESPPEKKTST
gnl|gene11316|XL-9_2-gene11316|rna32908|,GN:NUCKS1|NUCKS|human|Q9H1E3,0,271,223,PEKKSTSPPQEKS,EKKTSTSPPPEKS
gnl|gene11316|XL-9_2-gene11316|rna32908|,GN:NUCKS1|NUCKS|human|Q9H1E3,0,277,229,SPPQEKSGDDVSD,SPPPEKSGDEGSE
gnl|gene11316|XL-9_2-gene11316|rna32908|,GN:NUCKS1|NUCKS|human|Q9H1E3,0,282,234,KSGDDVSDDEAQS,KSGDEGSEDEAPS
gnl|gene11316|XL-9_2-gene11316|rna32908|,GN:NUCKS1|NUCKS|human|Q9H1E3,0,288,240,SDDEAQSTEDxxx,SEDEAPSGEDxxx
gnl|gene11316|XL-9_2-gene11316|rna32908|,GN:NUCKS1|NUCKS|human|Q9H1E3,0,52,54,RRSGRNSQEDSEE,RRSGKNSQEDSED
gnl|gene11316|XL-9_2-gene11316|rna32908|,GN:NUCKS1|NUCKS|human|Q9H1E3,0,56,58,RNSQEDSEESEEK,KNSQEDSEDSEDK
gnl|gene11316|XL-9_2-gene11316|rna32908|,GN:NUCKS1|NUCKS|human|Q9H1E3,0,59,61,QEDSEESEEKDTN,QEDSEDSEDKDVK
gnl|gene11316|XL-9_2-gene11316|rna32908|,GN:NUCKS1|NUCKS|human|Q9H1E3,0,73,75,PKKEGDSAEEDFG,KKDDSHSAEDSED
gnl|gene11316|XL-9_2-gene11316|rna32908|,GN:NUCKS1|NUCKS|human|Q9H1E3,-1,80,78,,
gnl|gene11316|XL-9_2-gene11316|rna32908|,GN:NUCKS1|NUCKS|human|Q9H1E3,-1,93,78,,
gnl|gene11316|XL-9_2-gene11316|rna32908|,GN:NUCKS1|NUCKS|human|Q9H1E3,-1,95,78,,
gnl|gene19578|XL-9_2-gene19578|rna57206|,GN:EIF4G1|eIF4G|human|Q04637,0,1097,1092,APGGRLSWGKGSS,APGGRLSWGKGSS
gnl|gene19578|XL-9_2-gene19578|rna57206|,GN:EIF4G1|eIF4G|human|Q04637,3,1134,1129,FSALQQSAAESQD,FSALQQAVPTEST
gnl|gene19578|XL-9_2-gene19578|rna57206|,GN:EIF4G1|eIF4G|human|Q04637,0,1218,1209,AVRKVASMTEQRD,GLRKAASLTEDRD
gnl|gene19578|XL-9_2-gene19578|rna57206|,GN:EIF4G1|eIF4G|human|Q04637,0,1220,1211,RKVASMTEQRDRS,RKAASLTEDRDRG
gnl|gene19578|XL-9_2-gene19578|rna57206|,GN:EIF4G1|eIF4G|human|Q04637,0,1607,1596,REAEDESDNxxxx,REAEEESDHNxxx
gnl|gene19578|XL-9_2-gene19578|rna57206|,GN:EIF4G1|eIF4G|human|Q04637,-1,254,245,,
gnl|gene19578|XL-9_2-gene19578|rna57206|,GN:EIF4G1|eIF4G|human|Q04637,0,362,343,KLDTQVSPLQQEV,ESEFSSSPLQAPT
gnl|gene19578|XL-9_2-gene19578|rna57206|,GN:EIF4G1|eIF4G|human|Q04637,3,527,503,VKQSSESPSQVAV,QNLEAAAATQVAV
gnl|gene19578|XL-9_2-gene19578|rna57206|,GN:EIF4G1|eIF4G|human|Q04637,2,529,505,QSSESPSQVAVAA,LEAAAATQVAVSV
gnl|gene19578|XL-9_2-gene19578|rna57206|,GN:EIF4G1|eIF4G|human|Q04637,0,588,561,APEPDQSPCAPPE,GPESEGSGVPPRP
gnl|gene19578|XL-9_2-gene19578|rna57206|,GN:EIF4G1|eIF4G|human|Q04637,3,657,632,SMQKPASLPQITD,SMQKPEGLPHISD
gnl|gene19578|XL-9_2-gene19578|rna57206|,GN:EIF4G1|eIF4G|human|Q04637,0,672,647,LDKANKTPLRPLD,LDKANKTPLRPLD
gnl|gene19578|XL-9_2-gene19578|rna57206|,GN:EIF4G1|eIF4G|human|Q04637,0,717,704,GMGPRRSQQGPRK,GLGPRRSQQGPRK
gnl|gene19578|XL-9_2-gene19578|rna57206|,GN:EIF4G1|eIF4G|human|Q04637,3,733,720,KIIQAVSLNENVQ,KIIATVLMTEDIK
gnl|gene19578|XL-9_2-gene19578|rna57206|,GN:EIF4G1|eIF4G|human|Q04637,2,754,741,KPLNKRSGEEEDP,KPSSKRTAADKDR
gnl|gene19578|XL-9_2-gene19578|rna57206|,GN:EIF4G1|eIF4G|human|Q04637,2,881,873,ELEAAASPEEKAR,EMDEAATAEERGR
gnl|gene19662|XL-9_2-gene19662|rna57471|,GN:SERPINA1|SERPINA1|human|P01009,3,135,114,KKKLSESQVHEAF,LTEIPEAQIHEGF
gnl|gene19662|XL-9_2-gene19662|rna57471|,GN:SERPINA1|SERPINA1|human|P01009,3,148,127,KRLIEDSNNPMKA,QELLRTLNQPDSQ
gnl|gene19662|XL-9_2-gene19662|rna57471|,GN:SERPINA1|SERPINA1|human|P01009,0,210,189,NYVKDKTHGVIQE,DYVEKGTQGKIVD
gnl|gene19662|XL-9_2-gene19662|rna57471|,GN:SERPINA1|SERPINA1|human|P01009,0,309,292,IQELVLTSKLINH,HLENELTHDIITK
gnl|gene19662|XL-9_2-gene19662|rna57471|,GN:SERPINA1|SERPINA1|human|P01009,3,310,293,QELVLTSKLINHW,LENELTHDIITKF
gnl|gene19662|XL-9_2-gene19662|rna57471|,GN:SERPINA1|SERPINA1|human|P01009,2,350,333,LRKMGISDIFTDK,LGQLGITKVFSNG
gnl|gene19662|XL-9_2-gene19662|rna57471|,GN:SERPINA1|SERPINA1|human|P01009,-2,39,-2,,
gnl|gene19662|XL-9_2-gene19662|rna57471|,GN:SERPINA1|SERPINA1|human|P01009,3,393,376,EAVGATSAQASPT,EAAGAMFLEAIPM
gnl|gene19662|XL-9_2-gene19662|rna57471|,GN:SERPINA1|SERPINA1|human|P01009,3,419,402,VMIYSRTLGSQLF,FLMIEQNTKSPLF
gnl|gene19662|XL-9_2-gene19662|rna57471|,GN:SERPINA1|SERPINA1|human|P01009,0,422,405,YSRTLGSQLFMGK,IEQNTKSPLFMGK
gnl|gene9708|XL-9_2-gene9708|rna28244|,GN:WBP11|WBP11|human|Q9Y2W2,0,235,236,RDEEARYSPESGQ,RDEDMLYSPELAQ
gnl|gene9708|XL-9_2-gene9708|rna28244|,GN:WBP11|WBP11|human|Q9Y2W2,0,236,237,DEEARYSPESGQR,DEDMLYSPELAQR
gnl|gene9708|XL-9_2-gene9708|rna28244|,GN:WBP11|WBP11|human|Q9Y2W2,3,297,299,EEERRGSGDMKGH,NGERDNNEEKKSG
gnl|gene49843|XL-9_2-gene49843|rna95997|,GN:MAP4|MAP4|human|P27816,-2,1323,-2,,
gnl|gene49843|XL-9_2-gene49843|rna95997|,GN:MAP4|MAP4|human|P27816,-2,145,-2,,
gnl|gene49843|XL-9_2-gene49843|rna95997|,GN:MAP4|MAP4|human|P27816,0,1840,696,NKELPPSPEKKTK,NKELPPSPEKKTK
gnl|gene49843|XL-9_2-gene49843|rna95997|,GN:MAP4|MAP4|human|P27816,0,1851,707,TKTSAATPSKTPL,TKPLATTQPAKTS
gnl|gene49843|XL-9_2-gene49843|rna95997|,GN:MAP4|MAP4|human|P27816,3,1853,710,TSAATPSKTPLSK,LATTQPAKTSTSK
gnl|gene49843|XL-9_2-gene49843|rna95997|,GN:MAP4|MAP4|human|P27816,3,1870,729,GAATAPSPKRALS,SLPKQPAPTTIGG
gnl|gene49843|XL-9_2-gene49843|rna95997|,GN:MAP4|MAP4|human|P27816,3,1876,737,SPKRALSATPTQK,TTIGGLNKKPMSL
gnl|gene49843|XL-9_2-gene49843|rna95997|,GN:MAP4|MAP4|human|P27816,3,1878,739,KRALSATPTQKKS,IGGLNKKPMSLAS
gnl|gene49843|XL-9_2-gene49843|rna95997|,GN:MAP4|MAP4|human|P27816,0,1884,745,TPTQKKSASPAPA,KPMSLASGLVPAA
gnl|gene49843|XL-9_2-gene49843|rna95997|,GN:MAP4|MAP4|human|P27816,3,1886,747,TQKKSASPAPAST,MSLASGLVPAAPP
gnl|gene49843|XL-9_2-gene49843|rna95997|,GN:MAP4|MAP4|human|P27816,3,1892,752,SPAPASTTTPKRP,GLVPAAPPKRPAV
gnl|gene49843|XL-9_2-gene49843|rna95997|,GN:MAP4|MAP4|human|P27816,-1,1893,753,,
gnl|gene49843|XL-9_2-gene49843|rna95997|,GN:MAP4|MAP4|human|P27816,-1,1894,753,,
gnl|gene49843|XL-9_2-gene49843|rna95997|,GN:MAP4|MAP4|human|P27816,3,1901,759,PKRPLSSASRVTS,PKRPAVASARPSI
gnl|gene49843|XL-9_2-gene49843|rna95997|,GN:MAP4|MAP4|human|P27816,3,1909,767,SRVTSATPKDSKP,ARPSILPSKDVKP
gnl|gene49843|XL-9_2-gene49843|rna95997|,GN:MAP4|MAP4|human|P27816,3,1922,777,KTLDLKSPVKSPD,VKPKPIADAKAPE
gnl|gene49843|XL-9_2-gene49843|rna95997|,GN:MAP4|MAP4|human|P27816,3,1926,781,LKSPVKSPDKKPA,PIADAKAPEKRAS
gnl|gene49843|XL-9_2-gene49843|rna95997|,GN:MAP4|MAP4|human|P27816,-1,1937,791,,
gnl|gene49843|XL-9_2-gene49843|rna95997|,GN:MAP4|MAP4|human|P27816,0,1940,793,LKQTPTSATPRTS,SPSKPASAPASRS
gnl|gene49843|XL-9_2-gene49843|rna95997|,GN:MAP4|MAP4|human|P27816,0,1950,803,RTSVKASPVASKS,SRSGSKSTQTVAK
gnl|gene49843|XL-9_2-gene49843|rna95997|,GN:MAP4|MAP4|human|P27816,0,2009,853,DASRPKSVPADLT,KKMTAKSVPADLS
gnl|gene49843|XL-9_2-gene49843|rna95997|,GN:MAP4|MAP4|human|P27816,0,2100,941,IRSKIGSTDNIKH,VRSKVGSTENIKH
gnl|gene49843|XL-9_2-gene49843|rna95997|,GN:MAP4|MAP4|human|P27816,-2,2303,-2,,
gnl|gene49843|XL-9_2-gene49843|rna95997|,GN:MAP4|MAP4|human|P27816,-2,32,-2,,
gnl|gene49843|XL-9_2-gene49843|rna95997|,GN:MAP4|MAP4|human|P27816,-2,357,-2,,
gnl|gene49843|XL-9_2-gene49843|rna95997|,GN:MAP4|MAP4|human|P27816,-2,373,-2,,
gnl|gene49843|XL-9_2-gene49843|rna95997|,GN:MAP4|MAP4|human|P27816,-2,445,-2,,
gnl|gene49843|XL-9_2-gene49843|rna95997|,GN:MAP4|MAP4|human|P27816,-2,635,-2,,
gnl|gene49843|XL-9_2-gene49843|rna95997|,GN:MAP4|MAP4|human|P27816,-2,638,-2,,
gnl|gene49843|XL-9_2-gene49843|rna95997|,GN:MAP4|MAP4|human|P27816,-2,645,-2,,
gnl|gene18213|XL-9_2-gene18213|rna53210|,GN:LSM14A|alphaSNBP(A)|human|Q8ND56,3,185,184,SQGQSSSPLDSLR,SQGRSSPQLDPLR
gnl|gene18213|XL-9_2-gene18213|rna53210|,GN:LSM14A|alphaSNBP(A)|human|Q8ND56,0,193,192,LDSLRKSPNIEQA,LDPLRKSPTMEQA
gnl|gene18213|XL-9_2-gene18213|rna53210|,GN:LSM14A|alphaSNBP(A)|human|Q8ND56,0,218,216,ATVGRRSPVLSRP,AAVGRRSPVSTRP
gnl|gene18213|XL-9_2-gene18213|rna53210|,GN:LSM14A|alphaSNBP(A)|human|Q8ND56,2,222,220,RRSPVLSRPVPSS,RRSPVSTRPLPSA
gnl|gene18213|XL-9_2-gene18213|rna53210|,GN:LSM14A|alphaSNBP(A)|human|Q8ND56,3,235,233,IQKTAESPEQRKG,SQKAGENQEHRRA
gnl|gene18830|XL-9_2-gene18830|rna54961|,GN:IGF2BP3|IGF2BP3|human|O00425,3,160,160,IPDEMATPQAPSQ,IPDEMAAQQNPLQ
gnl|gene18830|XL-9_2-gene18830|rna54961|,GN:IGF2BP3|IGF2BP3|human|O00425,0,193,184,GPARQGSPGAAAR,GSSRQGSPGSVSK
gnl|gene18830|XL-9_2-gene18830|rna54961|,GN:IGF2BP3|IGF2BP3|human|O00425,0,73,73,VIEVEHSVPKRQR,PIEVEHSVPKRQR
gnl|gene13096|XL-9_2-gene13096|rna38074|,GN:ZC3H13|ZC3H13|human|Q5T200,-2,1050,-2,,
gnl|gene13096|XL-9_2-gene13096|rna38074|,GN:ZC3H13|ZC3H13|human|Q5T200,-2,1067,-2,,
gnl|gene13096|XL-9_2-gene13096|rna38074|,GN:ZC3H13|ZC3H13|human|Q5T200,-2,1071,-2,,
gnl|gene13096|XL-9_2-gene13096|rna38074|,GN:ZC3H13|ZC3H13|human|Q5T200,-2,1074,-2,,
gnl|gene13096|XL-9_2-gene13096|rna38074|,GN:ZC3H13|ZC3H13|human|Q5T200,-2,1090,-2,,
gnl|gene13096|XL-9_2-gene13096|rna38074|,GN:ZC3H13|ZC3H13|human|Q5T200,-2,1094,-2,,
gnl|gene13096|XL-9_2-gene13096|rna38074|,GN:ZC3H13|ZC3H13|human|Q5T200,0,110,110,TTEESTSPSRKES,NTEESSSPVRKES
gnl|gene13096|XL-9_2-gene13096|rna38074|,GN:ZC3H13|ZC3H13|human|Q5T200,-2,1129,-2,,
gnl|gene13096|XL-9_2-gene13096|rna38074|,GN:ZC3H13|ZC3H13|human|Q5T200,-2,1132,-2,,
gnl|gene13096|XL-9_2-gene13096|rna38074|,GN:ZC3H13|ZC3H13|human|Q5T200,-2,1201,-2,,
gnl|gene13096|XL-9_2-gene13096|rna38074|,GN:ZC3H13|ZC3H13|human|Q5T200,-2,1203,-2,,
gnl|gene13096|XL-9_2-gene13096|rna38074|,GN:ZC3H13|ZC3H13|human|Q5T200,-2,1285,-2,,
gnl|gene13096|XL-9_2-gene13096|rna38074|,GN:ZC3H13|ZC3H13|human|Q5T200,0,134,134,KITKERTPESDEE,KITKERTPESEEE
gnl|gene13096|XL-9_2-gene13096|rna38074|,GN:ZC3H13|ZC3H13|human|Q5T200,0,137,137,KERTPESDEETAE,KERTPESEEENVE
gnl|gene13096|XL-9_2-gene13096|rna38074|,GN:ZC3H13|ZC3H13|human|Q5T200,0,198,198,VIKKEISPEVIPK,IIKKEVSPEVVRS
gnl|gene13096|XL-9_2-gene13096|rna38074|,GN:ZC3H13|ZC3H13|human|Q5T200,3,221,222,SPKRKSSPKPTNV,SKSPKRKSSPKSS
gnl|gene13096|XL-9_2-gene13096|rna38074|,GN:ZC3H13|ZC3H13|human|Q5T200,0,239,241,KKSVTASPPASDQ,RKTSAVSSPLLDQ
gnl|gene13096|XL-9_2-gene13096|rna38074|,GN:ZC3H13|ZC3H13|human|Q5T200,0,25,25,STSRRPSVFERLG,STSRRPSVFERLG
gnl|gene13096|XL-9_2-gene13096|rna38074|,GN:ZC3H13|ZC3H13|human|Q5T200,0,262,263,KKKGPRTPSPPPP,KKKGPRTPSPPPP
gnl|gene13096|XL-9_2-gene13096|rna38074|,GN:ZC3H13|ZC3H13|human|Q5T200,0,264,265,KGPRTPSPPPPTQ,KGPRTPSPPPPIP
gnl|gene13096|XL-9_2-gene13096|rna38074|,GN:ZC3H13|ZC3H13|human|Q5T200,3,269,270,PSPPPPTQEEALF,PSPPPPIPEDIAL
gnl|gene13096|XL-9_2-gene13096|rna38074|,GN:ZC3H13|ZC3H13|human|Q5T200,2,344,364,SHSRDYSPPAPRR,SYQRTLTPPLRRS
gnl|gene13096|XL-9_2-gene13096|rna38074|,GN:ZC3H13|ZC3H13|human|Q5T200,3,354,371,PRRRHPSSPVPTK,PPLRRSASPYPSH
gnl|gene13096|XL-9_2-gene13096|rna38074|,GN:ZC3H13|ZC3H13|human|Q5T200,0,355,372,RRRHPSSPVPTKS,PLRRSASPYPSHS
gnl|gene13096|XL-9_2-gene13096|rna38074|,GN:ZC3H13|ZC3H13|human|Q5T200,0,369,380,AHKHAISPSHRSV,YPSHSLSSPQRKQ
gnl|gene13096|XL-9_2-gene13096|rna38074|,GN:ZC3H13|ZC3H13|human|Q5T200,-2,411,-2,,
gnl|gene13096|XL-9_2-gene13096|rna38074|,GN:ZC3H13|ZC3H13|human|Q5T200,-2,413,-2,,
gnl|gene13096|XL-9_2-gene13096|rna38074|,GN:ZC3H13|ZC3H13|human|Q5T200,-2,421,-2,,
gnl|gene13096|XL-9_2-gene13096|rna38074|,GN:ZC3H13|ZC3H13|human|Q5T200,-2,428,-2,,
gnl|gene13096|XL-9_2-gene13096|rna38074|,GN:ZC3H13|ZC3H13|human|Q5T200,-2,429,-2,,
gnl|gene13096|XL-9_2-gene13096|rna38074|,GN:ZC3H13|ZC3H13|human|Q5T200,0,64,64,RFIHGPSPRGKGY,RFVHGPSPRGKGY
gnl|gene13096|XL-9_2-gene13096|rna38074|,GN:ZC3H13|ZC3H13|human|Q5T200,-2,900,-2,,
gnl|gene13096|XL-9_2-gene13096|rna38074|,GN:ZC3H13|ZC3H13|human|Q5T200,-2,903,-2,,
gnl|gene13096|XL-9_2-gene13096|rna38074|,GN:ZC3H13|ZC3H13|human|Q5T200,-2,906,-2,,
gnl|gene13096|XL-9_2-gene13096|rna38074|,GN:ZC3H13|ZC3H13|human|Q5T200,-2,908,-2,,
gnl|gene13096|XL-9_2-gene13096|rna38074|,GN:ZC3H13|ZC3H13|human|Q5T200,-2,932,-2,,
gnl|gene9100|XL-9_2-gene9100|rna26480|,GN:RSF1|HBXAP|human|Q96T23,0,1229,1221,VNYREESESEGSQ,INYKEDSESDGSQ
gnl|gene9100|XL-9_2-gene9100|rna26480|,GN:RSF1|HBXAP|human|Q96T23,0,1231,1223,YREESESEGSQKA,YKEDSESDGSQKS
gnl|gene9100|XL-9_2-gene9100|rna26480|,GN:RSF1|HBXAP|human|Q96T23,0,1234,1226,ESESEGSQKAARY,DSESDGSQKSLRR
gnl|gene9100|XL-9_2-gene9100|rna26480|,GN:RSF1|HBXAP|human|Q96T23,0,1287,1277,VRKRIRSSNDDQS,VRKRGRSTDEYSE
gnl|gene9100|XL-9_2-gene9100|rna26480|,GN:RSF1|HBXAP|human|Q96T23,2,1288,1278,RKRIRSSNDDQSE,RKRGRSTDEYSEA
gnl|gene9100|XL-9_2-gene9100|rna26480|,GN:RSF1|HBXAP|human|Q96T23,0,1293,1282,SSNDDQSEEEEKP,RSTDEYSEADEEE
gnl|gene9100|XL-9_2-gene9100|rna26480|,GN:RSF1|HBXAP|human|Q96T23,0,1309,1305,RLNRIETDEDEDE,RLHRIETDEEESC
gnl|gene9100|XL-9_2-gene9100|rna26480|,GN:RSF1|HBXAP|human|Q96T23,0,1351,1345,KPYRIESDDDDDF,KPYRIESDEEEDF
gnl|gene9100|XL-9_2-gene9100|rna26480|,GN:RSF1|HBXAP|human|Q96T23,0,1365,1359,NVGKDGSPLDYSL,NVGKVGSPLDYSL
gnl|gene9100|XL-9_2-gene9100|rna26480|,GN:RSF1|HBXAP|human|Q96T23,0,1369,1363,DGSPLDYSLVDLP,VGSPLDYSLVDLP
gnl|gene9100|XL-9_2-gene9100|rna26480|,GN:RSF1|HBXAP|human|Q96T23,0,1381,1375,PSTNGQSPGKTIE,PSTNGQSPGKAIE
gnl|gene9100|XL-9_2-gene9100|rna26480|,GN:RSF1|HBXAP|human|Q96T23,0,222,227,EGSSRASPNPEQD,DNSSRESPSLEDE
gnl|gene9100|XL-9_2-gene9100|rna26480|,GN:RSF1|HBXAP|human|Q96T23,0,256,266,DETSPQSPPNCKE,MDLENRSTANVLE
gnl|gene9100|XL-9_2-gene9100|rna26480|,GN:RSF1|HBXAP|human|Q96T23,0,304,314,AKEENDSFKENVK,IKEESDSFKENVK
gnl|gene9100|XL-9_2-gene9100|rna26480|,GN:RSF1|HBXAP|human|Q96T23,0,384,397,LTDDFDSPVKTSL,LSDDFDSPVKGPL
gnl|gene9100|XL-9_2-gene9100|rna26480|,GN:RSF1|HBXAP|human|Q96T23,2,740,717,EPEDENSETEGQE,VPEEETTASENTE
gnl|gene22625|XL-9_2-gene22625|rna62113|,GN:RBM12B|RBM12B|human|Q8IXT5,0,235,254,ARKRESSPVTSSD,RRSEEHSPPRGIN
gnl|gene22625|XL-9_2-gene22625|rna62113|,GN:RBM12B|RBM12B|human|Q8IXT5,0,261,280,SRARARSPYEERF,RRTRSRSPLGFYV
gnl|gene350|XL-9_2-gene350|rna1014|,GN:TJP2|ZO2|human|Q9UDY2,0,119,130,LGPPSKSEPALDV,VAALQASPPLDQD
gnl|gene350|XL-9_2-gene350|rna1014|,GN:TJP2|ZO2|human|Q9UDY2,3,147,164,YSDRSGYGGSRSR,RSRLNSHGGRSRS
gnl|gene350|XL-9_2-gene350|rna1014|,GN:TJP2|ZO2|human|Q9UDY2,0,152,170,GYGGSRSRDPSPD,HGGRSRSWEDSPE
gnl|gene350|XL-9_2-gene350|rna1014|,GN:TJP2|ZO2|human|Q9UDY2,0,156,174,SRSRDPSPDRNIR,SRSWEDSPERGRP
gnl|gene350|XL-9_2-gene350|rna1014|,GN:TJP2|ZO2|human|Q9UDY2,0,184,186,YGSRARSVDQDLN,PHERARSRERDLS
gnl|gene350|XL-9_2-gene350|rna1014|,GN:TJP2|ZO2|human|Q9UDY2,0,224,220,DHSRGRSIDRDLD,DRSRGRSLERGLD
gnl|gene350|XL-9_2-gene350|rna1014|,GN:TJP2|ZO2|human|Q9UDY2,0,244,240,ERSRGRSLDRELD,DRDRDRSRGRSID
gnl|gene350|XL-9_2-gene350|rna1014|,GN:TJP2|ZO2|human|Q9UDY2,0,277,265,YDRGGDYSPDRDM,PDYERAYSPEYRR
gnl|gene350|XL-9_2-gene350|rna1014|,GN:TJP2|ZO2|human|Q9UDY2,0,278,266,DRGGDYSPDRDMG,DYERAYSPEYRRG
gnl|gene350|XL-9_2-gene350|rna1014|,GN:TJP2|ZO2|human|Q9UDY2,0,303,292,SRDRLQSRSPSPQ,SREHPHSRSPSPE
gnl|gene350|XL-9_2-gene350|rna1014|,GN:TJP2|ZO2|human|Q9UDY2,0,305,294,DRLQSRSPSPQPN,EHPHSRSPSPEPR
gnl|gene350|XL-9_2-gene350|rna1014|,GN:TJP2|ZO2|human|Q9UDY2,0,307,296,LQSRSPSPQPNRG,PHSRSPSPEPRGR
gnl|gene350|XL-9_2-gene350|rna1014|,GN:TJP2|ZO2|human|Q9UDY2,0,410,398,LPYVEDSDSEMEE,IPSLNDSDSEIED
gnl|gene12108|XL-9_2-gene12108|rna35174|,GN:NUCKS1|NUCKS|human|Q9H1E3,-1,108,78,,
gnl|gene12108|XL-9_2-gene12108|rna35174|,GN:NUCKS1|NUCKS|human|Q9H1E3,-1,121,78,,
gnl|gene12108|XL-9_2-gene12108|rna35174|,GN:NUCKS1|NUCKS|human|Q9H1E3,0,126,79,RSAQDDSDDEKHR,SHSAEDSEDEKED
gnl|gene12108|XL-9_2-gene12108|rna35174|,GN:NUCKS1|NUCKS|human|Q9H1E3,0,159,113,LMGDGGSEDEEQE,LMEDVGSEEEQEE
gnl|gene12108|XL-9_2-gene12108|rna35174|,GN:NUCKS1|NUCKS|human|Q9H1E3,0,177,130,QFLEKDSGSDEDF,PFQEKDSGSDEDF
gnl|gene12108|XL-9_2-gene12108|rna35174|,GN:NUCKS1|NUCKS|human|Q9H1E3,0,179,132,LEKDSGSDEDFMV,QEKDSGSDEDFLM
gnl|gene12108|XL-9_2-gene12108|rna35174|,GN:NUCKS1|NUCKS|human|Q9H1E3,0,19,19,YSQFQDSDDEDYG,YSQFQESDDADED
gnl|gene12108|XL-9_2-gene12108|rna35174|,GN:NUCKS1|NUCKS|human|Q9H1E3,0,191,144,VEDDDDSDYGRSK,MEDDDDSDYGSSK
gnl|gene12108|XL-9_2-gene12108|rna35174|,GN:NUCKS1|NUCKS|human|Q9H1E3,0,225,179,RLKATVTPSPVKA,RLKATVTPSPVKG
gnl|gene12108|XL-9_2-gene12108|rna35174|,GN:NUCKS1|NUCKS|human|Q9H1E3,0,227,181,KATVTPSPVKAKG,KATVTPSPVKGKG
gnl|gene12108|XL-9_2-gene12108|rna35174|,GN:NUCKS1|NUCKS|human|Q9H1E3,2,247,202,KAPKEKSPSPKAE,KASKEKTPSPKEE
gnl|gene12108|XL-9_2-gene12108|rna35174|,GN:NUCKS1|NUCKS|human|Q9H1E3,0,249,204,PKEKSPSPKAEEE,SKEKTPSPKEEDE
gnl|gene12108|XL-9_2-gene12108|rna35174|,GN:NUCKS1|NUCKS|human|Q9H1E3,-1,264,217,,
gnl|gene12108|XL-9_2-gene12108|rna35174|,GN:NUCKS1|NUCKS|human|Q9H1E3,0,271,221,PPPEKKSTSSPQE,PPEKKTSTSPPPE
gnl|gene12108|XL-9_2-gene12108|rna35174|,GN:NUCKS1|NUCKS|human|Q9H1E3,0,273,223,PEKKSTSSPQEKS,EKKTSTSPPPEKS
gnl|gene12108|XL-9_2-gene12108|rna35174|,GN:NUCKS1|NUCKS|human|Q9H1E3,3,274,224,EKKSTSSPQEKSG,KKTSTSPPPEKSG
gnl|gene12108|XL-9_2-gene12108|rna35174|,GN:NUCKS1|NUCKS|human|Q9H1E3,0,279,229,SSPQEKSGDDVSD,SPPPEKSGDEGSE
gnl|gene12108|XL-9_2-gene12108|rna35174|,GN:NUCKS1|NUCKS|human|Q9H1E3,0,284,234,KSGDDVSDEEAQS,KSGDEGSEDEAPS
gnl|gene12108|XL-9_2-gene12108|rna35174|,GN:NUCKS1|NUCKS|human|Q9H1E3,0,290,240,SDEEAQSTEDxxx,SEDEAPSGEDxxx
gnl|gene12108|XL-9_2-gene12108|rna35174|,GN:NUCKS1|NUCKS|human|Q9H1E3,3,291,241,DEEAQSTEDxxxx,EDEAPSGEDxxxx
gnl|gene12108|XL-9_2-gene12108|rna35174|,GN:NUCKS1|NUCKS|human|Q9H1E3,0,52,54,RRSGKNSQEDSDE,RRSGKNSQEDSED
gnl|gene12108|XL-9_2-gene12108|rna35174|,GN:NUCKS1|NUCKS|human|Q9H1E3,0,56,58,KNSQEDSDESEEK,KNSQEDSEDSEDK
gnl|gene12108|XL-9_2-gene12108|rna35174|,GN:NUCKS1|NUCKS|human|Q9H1E3,0,59,61,QEDSDESEEKDTK,QEDSEDSEDKDVK
gnl|gene12108|XL-9_2-gene12108|rna35174|,GN:NUCKS1|NUCKS|human|Q9H1E3,0,73,75,PKKEGDSAEEDFG,KKDDSHSAEDSED
gnl|gene12108|XL-9_2-gene12108|rna35174|,GN:NUCKS1|NUCKS|human|Q9H1E3,-1,80,78,,
gnl|gene12108|XL-9_2-gene12108|rna35174|,GN:NUCKS1|NUCKS|human|Q9H1E3,-1,93,78,,
gnl|gene12108|XL-9_2-gene12108|rna35174|,GN:NUCKS1|NUCKS|human|Q9H1E3,-1,95,78,,
gnl|gene12108|XL-9_2-gene12108|rna35174|,GN:NUCKS1|NUCKS|human|Q9H1E3,-1,97,78,,
gnl|gene3574|XL-9_2-gene3574|rna10397|,GN:IWS1|IWS1|human|Q96ST2,0,104,118,SHNRIASDSEDDG,DVNQHGSDSESEE
gnl|gene3574|XL-9_2-gene3574|rna10397|,GN:IWS1|IWS1|human|Q96ST2,0,106,120,NRIASDSEDDGRR,NQHGSDSESEETR
gnl|gene3574|XL-9_2-gene3574|rna10397|,GN:IWS1|IWS1|human|Q96ST2,0,116,131,GRRQKNSDSDRSP,TRKLPGSDSENEE
gnl|gene3574|XL-9_2-gene3574|rna10397|,GN:IWS1|IWS1|human|Q96ST2,0,118,133,RQKNSDSDRSPVK,KLPGSDSENEELL
gnl|gene3574|XL-9_2-gene3574|rna10397|,GN:IWS1|IWS1|human|Q96ST2,3,121,136,NSDSDRSPVKGAA,GSDSENEELLNGH
gnl|gene3574|XL-9_2-gene3574|rna10397|,GN:IWS1|IWS1|human|Q96ST2,0,140,157,PVRHCASDSEDDV,VGKHPASDSEIEE
gnl|gene3574|XL-9_2-gene3574|rna10397|,GN:IWS1|IWS1|human|Q96ST2,0,142,159,RHCASDSEDDVPR,KHPASDSEIEELQ
gnl|gene3574|XL-9_2-gene3574|rna10397|,GN:IWS1|IWS1|human|Q96ST2,0,155,172,KQQANDSEDERHI,KSPASDSETEDAL
gnl|gene3574|XL-9_2-gene3574|rna10397|,GN:IWS1|IWS1|human|Q96ST2,0,166,183,HIKKTASDSEDEA,ALKPQISDSESEE
gnl|gene3574|XL-9_2-gene3574|rna10397|,GN:IWS1|IWS1|human|Q96ST2,0,168,185,KKTASDSEDEAPA,KPQISDSESEEPP
gnl|gene3574|XL-9_2-gene3574|rna10397|,GN:IWS1|IWS1|human|Q96ST2,0,179,196,PAKHRVSDTEDKA,PPRHQASDSENEE
gnl|gene3574|XL-9_2-gene3574|rna10397|,GN:IWS1|IWS1|human|Q96ST2,0,192,209,PPKQVASDSEDEA,PPKPRMSDSESEE
gnl|gene3574|XL-9_2-gene3574|rna10397|,GN:IWS1|IWS1|human|Q96ST2,0,194,211,KQVASDSEDEASP,KPRMSDSESEELP
gnl|gene3574|XL-9_2-gene3574|rna10397|,GN:IWS1|IWS1|human|Q96ST2,3,199,216,DSEDEASPKQVAS,DSESEELPKPQVS
gnl|gene3574|XL-9_2-gene3574|rna10397|,GN:IWS1|IWS1|human|Q96ST2,0,205,222,SPKQVASDSKDEA,LPKPQVSDSESEE
gnl|gene3574|XL-9_2-gene3574|rna10397|,GN:IWS1|IWS1|human|Q96ST2,0,218,235,PPKHAASDSEDEA,PPRHQASDSENEE
gnl|gene3574|XL-9_2-gene3574|rna10397|,GN:IWS1|IWS1|human|Q96ST2,0,220,237,KHAASDSEDEAPP,RHQASDSENEELP
gnl|gene3574|XL-9_2-gene3574|rna10397|,GN:IWS1|IWS1|human|Q96ST2,0,231,248,PPKLAGSDSEDEA,LPKPRISDSESED
gnl|gene3574|XL-9_2-gene3574|rna10397|,GN:IWS1|IWS1|human|Q96ST2,0,233,250,KLAGSDSEDEAPA,KPRISDSESEDPP
gnl|gene3574|XL-9_2-gene3574|rna10397|,GN:IWS1|IWS1|human|Q96ST2,0,244,261,PAKRKVSSSEDET,PPRHQASDSENEE
gnl|gene3574|XL-9_2-gene3574|rna10397|,GN:IWS1|IWS1|human|Q96ST2,3,245,262,AKRKVSSSEDETP,PRHQASDSENEEL
gnl|gene3574|XL-9_2-gene3574|rna10397|,GN:IWS1|IWS1|human|Q96ST2,0,246,263,KRKVSSSEDETPS,RHQASDSENEELP
gnl|gene3574|XL-9_2-gene3574|rna10397|,GN:IWS1|IWS1|human|Q96ST2,3,250,267,SSSEDETPSKHAV,SDSENEELPKPRI
gnl|gene3574|XL-9_2-gene3574|rna10397|,GN:IWS1|IWS1|human|Q96ST2,0,257,274,PSKHAVSASKVKK,LPKPRISDSESED
gnl|gene3574|XL-9_2-gene3574|rna10397|,GN:IWS1|IWS1|human|Q96ST2,0,27,27,DERDSASDDEGNE,DERDSGSDGEDDV
gnl|gene3574|XL-9_2-gene3574|rna10397|,GN:IWS1|IWS1|human|Q96ST2,0,280,276,KRAIIDSDDDDDV,KPRISDSESEDPP
gnl|gene3574|XL-9_2-gene3574|rna10397|,GN:IWS1|IWS1|human|Q96ST2,0,293,287,PVKRAASDSEEET,PPRNQASDSENEE
gnl|gene3574|XL-9_2-gene3574|rna10397|,GN:IWS1|IWS1|human|Q96ST2,0,295,289,KRAASDSEEETHP,RNQASDSENEELP
gnl|gene3574|XL-9_2-gene3574|rna10397|,GN:IWS1|IWS1|human|Q96ST2,-1,318,312,,
gnl|gene3574|XL-9_2-gene3574|rna10397|,GN:IWS1|IWS1|human|Q96ST2,-1,320,312,,
gnl|gene3574|XL-9_2-gene3574|rna10397|,GN:IWS1|IWS1|human|Q96ST2,0,333,315,KVAANDSEDEFPR,KGPASDSETEDAS
gnl|gene3574|XL-9_2-gene3574|rna10397|,GN:IWS1|IWS1|human|Q96ST2,0,346,329,MKRKIVSSDDSDD,HKQKPESDDDSDR
gnl|gene3574|XL-9_2-gene3574|rna10397|,GN:IWS1|IWS1|human|Q96ST2,3,347,330,KRKIVSSDDSDDE,KQKPESDDDSDRE
gnl|gene3574|XL-9_2-gene3574|rna10397|,GN:IWS1|IWS1|human|Q96ST2,0,350,333,IVSSDDSDDEDDR,PESDDDSDRENKG
gnl|gene3574|XL-9_2-gene3574|rna10397|,GN:IWS1|IWS1|human|Q96ST2,0,40,44,QRSEPGSPEHQSE,SGSDTGSVERHSE
gnl|gene3574|XL-9_2-gene3574|rna10397|,GN:IWS1|IWS1|human|Q96ST2,3,401,394,ASKKKKSNIVSDS,KVAKRKAAVLSDS
gnl|gene3574|XL-9_2-gene3574|rna10397|,GN:IWS1|IWS1|human|Q96ST2,0,405,398,KKSNIVSDSEDED,RKAAVLSDSEDEE
gnl|gene3574|XL-9_2-gene3574|rna10397|,GN:IWS1|IWS1|human|Q96ST2,0,407,400,SNIVSDSEDEDAA,AAVLSDSEDEEKA
gnl|gene3574|XL-9_2-gene3574|rna10397|,GN:IWS1|IWS1|human|Q96ST2,0,425,415,KKSRILSDGEDSD,KKSRVVSDADDSD
gnl|gene3574|XL-9_2-gene3574|rna10397|,GN:IWS1|IWS1|human|Q96ST2,0,430,420,LSDGEDSDSDAAS,VSDADDSDSDAVS
gnl|gene3574|XL-9_2-gene3574|rna10397|,GN:IWS1|IWS1|human|Q96ST2,0,432,422,DGEDSDSDAASEK,DADDSDSDAVSDK
gnl|gene3574|XL-9_2-gene3574|rna10397|,GN:IWS1|IWS1|human|Q96ST2,3,448,437,KKKKSASSDSEEE,KREKTIASDSEEE
gnl|gene3574|XL-9_2-gene3574|rna10397|,GN:IWS1|IWS1|human|Q96ST2,0,449,438,KKKSASSDSEEED,REKTIASDSEEEA
gnl|gene3574|XL-9_2-gene3574|rna10397|,GN:IWS1|IWS1|human|Q96ST2,0,45,49,GSPEHQSEDEHSD,GSVERHSENETSD
gnl|gene3574|XL-9_2-gene3574|rna10397|,GN:IWS1|IWS1|human|Q96ST2,0,451,440,KSASSDSEEEDER,KTIASDSEEEAGK
gnl|gene3574|XL-9_2-gene3574|rna10397|,GN:IWS1|IWS1|human|Q96ST2,0,50,54,QSEDEHSDVEDHK,HSENETSDREDGL
gnl|gene3574|XL-9_2-gene3574|rna10397|,GN:IWS1|IWS1|human|Q96ST2,0,526,511,QAAAADSDSDDDM,VKEAEDSDSDDNI
gnl|gene3574|XL-9_2-gene3574|rna10397|,GN:IWS1|IWS1|human|Q96ST2,0,528,513,AAADSDSDDDMKS,EAEDSDSDDNIKR
gnl|gene3574|XL-9_2-gene3574|rna10397|,GN:IWS1|IWS1|human|Q96ST2,0,61,69,HKHSSDSGSDNEK,GHHVTDSENDEPL
gnl|gene3574|XL-9_2-gene3574|rna10397|,GN:IWS1|IWS1|human|Q96ST2,3,63,71,HSSDSGSDNEKGT,HVTDSENDEPLNL
gnl|gene3574|XL-9_2-gene3574|rna10397|,GN:IWS1|IWS1|human|Q96ST2,2,69,80,SDNEKGTEHDSED,PLNLNASDSESEE
gnl|gene3574|XL-9_2-gene3574|rna10397|,GN:IWS1|IWS1|human|Q96ST2,0,73,84,KGTEHDSEDEHRP,NASDSESEELHRQ
gnl|gene3574|XL-9_2-gene3574|rna10397|,GN:IWS1|IWS1|human|Q96ST2,3,734,719,PQRRRMSSSGGQT,PQRRRMNSTGGQT
gnl|gene3574|XL-9_2-gene3574|rna10397|,GN:IWS1|IWS1|human|Q96ST2,0,735,720,QRRRMSSSGGQTP,QRRRMNSTGGQTP
gnl|gene3574|XL-9_2-gene3574|rna10397|,GN:IWS1|IWS1|human|Q96ST2,0,91,106,LENHDASDSENEE,RAEPPASDSENED
gnl|gene3574|XL-9_2-gene3574|rna10397|,GN:IWS1|IWS1|human|Q96ST2,0,93,108,NHDASDSENEESH,EPPASDSENEDVN
gnl|gene40201|XL-9_2-gene40201|rna82099|,,-3,1016,,,
gnl|gene40201|XL-9_2-gene40201|rna82099|,,-3,1019,,,
gnl|gene40201|XL-9_2-gene40201|rna82099|,,-3,1179,,,
gnl|gene40201|XL-9_2-gene40201|rna82099|,,-3,1180,,,
gnl|gene40201|XL-9_2-gene40201|rna82099|,,-3,1181,,,
gnl|gene40201|XL-9_2-gene40201|rna82099|,,-3,1182,,,
gnl|gene40201|XL-9_2-gene40201|rna82099|,,-3,1183,,,
gnl|gene40201|XL-9_2-gene40201|rna82099|,,-3,1184,,,
gnl|gene40201|XL-9_2-gene40201|rna82099|,,-3,1252,,,
gnl|gene40201|XL-9_2-gene40201|rna82099|,,-3,1274,,,
gnl|gene40201|XL-9_2-gene40201|rna82099|,,-3,1288,,,
gnl|gene40201|XL-9_2-gene40201|rna82099|,,-3,1619,,,
gnl|gene40201|XL-9_2-gene40201|rna82099|,,-3,25,,,
gnl|gene40201|XL-9_2-gene40201|rna82099|,,-3,269,,,
gnl|gene40201|XL-9_2-gene40201|rna82099|,,-3,423,,,
gnl|gene40201|XL-9_2-gene40201|rna82099|,,-3,949,,,
gnl|gene40201|XL-9_2-gene40201|rna82099|,,-3,950,,,
gnl|gene40201|XL-9_2-gene40201|rna82099|,,-3,953,,,
gnl|gene40201|XL-9_2-gene40201|rna82099|,,-3,954,,,
gnl|gene40201|XL-9_2-gene40201|rna82099|,,-3,959,,,
gnl|gene40201|XL-9_2-gene40201|rna82099|,,-3,964,,,
gnl|gene40201|XL-9_2-gene40201|rna82099|,,-3,965,,,
gnl|gene40201|XL-9_2-gene40201|rna82099|,,-3,972,,,
gnl|gene40201|XL-9_2-gene40201|rna82099|,,-3,973,,,
